SLA breach job failed: RequestError: [Microsoft][ODBC Driver 18 for SQL Server]Query timeout expired
    at handleError (C:\Users\SatyamKumar\OneDrive - BLUET\Desktop\BT-CRM\BTCRMBackend\node_modules\mssql\lib\msnodesqlv8\request.js:276:21)
    at StreamEvents.emit (node:events:518:28)
    at C:\Users\SatyamKumar\OneDrive - BLUET\Desktop\BT-CRM\BTCRMBackend\node_modules\msnodesqlv8\lib\reader.js:94:20
    at Array.forEach (<anonymous>)
    at Query.routeStatementError (C:\Users\SatyamKumar\OneDrive - BLUET\Desktop\BT-CRM\BTCRMBackend\node_modules\msnodesqlv8\lib\reader.js:84:19)
    at C:\Users\SatyamKumar\OneDrive - BLUET\Desktop\BT-CRM\BTCRMBackend\node_modules\msnodesqlv8\lib\reader.js:436:12 {
  code: 'EREQUEST',
  originalError: [Error: [Microsoft][ODBC Driver 18 for SQL Server]Query timeout expired] {
    sqlstate: 'HYT00',
    code: 0,
    severity: 0,
    serverName: '',
    procName: '',
    lineNumber: 0
  },
  number: 0,
  lineNumber: 0,
  state: 'HYT00',
  class: 0,
  serverName: '',
  procName: ''
}
