node:events:496
      throw er; // Unhandled 'error' event
      ^

Error: listen EADDRINUSE: address already in use :::3000
    at Server.setupListenHandle [as _listen2] (node:net:1940:16)
    at listenInCluster (node:net:1997:12)
    at Server.listen (node:net:2102:7)
    at Function.listen (C:\Users\SatyamKumar\OneDrive - BLUET\Desktop\BT-CRM\BTCRMBackend\node_modules\express\lib\application.js:635:24)
    at start (C:\Users\SatyamKumar\OneDrive - BLUET\Desktop\BT-CRM\BTCRMBackend\src\app.js:56:13)
    at runNextTicks (node:internal/process/task_queues:65:5)
    at process.processImmediate (node:internal/timers:453:9)
Emitted 'error' event on Server instance at:
    at emitErrorNT (node:net:1976:8)
    at processTicksAndRejections (node:internal/process/task_queues:90:21)
    at runNextTicks (node:internal/process/task_queues:69:3)
    at process.processImmediate (node:internal/timers:453:9) {
  code: 'EADDRINUSE',
  errno: -4091,
  syscall: 'listen',
  address: '::',
  port: 3000
}

Node.js v22.17.1
